[    1629ms] [INFO] %cDownload the React DevTools for a better development experience: https://react.dev/link/react-devtools font-weight:bold @ webpack-internal:///(app-pages-browser)/./node_modules/next/dist/compiled/react-dom/cjs/react-dom-client.development.js:25630
[  752844ms] [INFO] %cDownload the React DevTools for a better development experience: https://react.dev/link/react-devtools font-weight:bold @ webpack-internal:///(app-pages-browser)/./node_modules/next/dist/compiled/react-dom/cjs/react-dom-client.development.js:25630
[  814584ms] [LOG] [Fast Refresh] rebuilding @ webpack-internal:///(app-pages-browser)/./node_modules/next/dist/client/dev/hot-reloader/app/hot-reloader-app.js:196
[  816428ms] [LOG] [Fast Refresh] done in 1845ms @ webpack-internal:///(app-pages-browser)/./node_modules/next/dist/client/dev/report-hmr-latency.js:13
[  816656ms] [LOG] [Fast Refresh] rebuilding @ webpack-internal:///(app-pages-browser)/./node_modules/next/dist/client/dev/hot-reloader/app/hot-reloader-app.js:196
[  817410ms] [LOG] [Fast Refresh] done in 754ms @ webpack-internal:///(app-pages-browser)/./node_modules/next/dist/client/dev/report-hmr-latency.js:13
[  819168ms] [LOG] [Fast Refresh] rebuilding @ webpack-internal:///(app-pages-browser)/./node_modules/next/dist/client/dev/hot-reloader/app/hot-reloader-app.js:196
[  819168ms] [ERROR] Failed to load resource: the server responded with a status of 500 (Internal Server Error) @ http://localhost:3000/training?_rsc=_8i4EGRz95_4o9IX:0
[  820215ms] [LOG] [Fast Refresh] done in 1047ms @ webpack-internal:///(app-pages-browser)/./node_modules/next/dist/client/dev/report-hmr-latency.js:13
[  823207ms] [INFO] %cDownload the React DevTools for a better development experience: https://react.dev/link/react-devtools font-weight:bold @ webpack-internal:///(app-pages-browser)/./node_modules/next/dist/compiled/react-dom/cjs/react-dom-client.development.js:25630
[  825680ms] [LOG] [Fast Refresh] rebuilding @ webpack-internal:///(app-pages-browser)/./node_modules/next/dist/client/dev/hot-reloader/app/hot-reloader-app.js:196
[  827702ms] [ERROR] Failed to load resource: the server responded with a status of 404 (Not Found) @ http://localhost:3000/_next/static/webpack/54c8cae5d07a9dec.webpack.hot-update.json:0
[  829685ms] [ERROR] Failed to load resource: the server responded with a status of 500 (Internal Server Error) @ http://localhost:3000/training:0
[  831853ms] [INFO] %cDownload the React DevTools for a better development experience: https://reactjs.org/link/react-devtools font-weight:bold @ webpack-internal:///(pages-dir-browser)/./node_modules/react-dom/cjs/react-dom.development.js:29889
[  832146ms] InvariantError: Invariant: Expected clientReferenceManifest to be defined. This is a bug in Next.js.
    at assertClientReferenceManifest (file://C:\Users\Usuario\Documents\Projects\retoPescanova\frontend\node_modules\next\dist\compiled\next-server\app-page.runtime.dev.js:39:26073)
    at renderToHTMLOrFlightImpl (file://C:\Users\Usuario\Documents\Projects\retoPescanova\frontend\node_modules\next\dist\compiled\next-server\app-page.runtime.dev.js:39:30599)
    at AsyncLocalStorage.run (node:internal/async_local_storage/async_hooks:91:14)
    at renderToHTMLOrFlight (file://C:\Users\Usuario\Documents\Projects\retoPescanova\frontend\node_modules\next\dist\compiled\next-server\app-page.runtime.dev.js:39:48266)
    at AppPageRouteModule.render (file://C:\Users\Usuario\Documents\Projects\retoPescanova\frontend\node_modules\next\dist\compiled\next-server\app-page.runtime.dev.js:41:60189)
    at invokeRouteModule (webpack-internal:///(rsc)/./node_modules/next/dist/build/webpack/loaders/next-app-loader/index.js?name=app%2Ftraining%2Fpage&page=%2Ftraining%2Fpage&appPaths=%2Ftraining%2Fpage&pagePath=private-next-app-dir%2Ftraining%2Fpage.tsx&appDir=C%3A%5CUsers%5CUsuario%5CDocuments%5CProjects%5CretoPescanova%5Cfrontend%5Capp&pageExtensions=tsx&pageExtensions=ts&pageExtensions=jsx&pageExtensions=js&rootDir=C%3A%5CUsers%5CUsuario%5CDocuments%5CProjects%5CretoPescanova%5Cfrontend&isDev=true&tsconfigPath=tsconfig.json&basePath=&assetPrefix=&nextConfigOutput=standalone&preferredRegion=&middlewareConfig=e30%3D&isGlobalNotFoundEnabled=!:315:32)
    at doRender (webpack-internal:///(rsc)/./node_modules/next/dist/build/webpack/loaders/next-app-loader/index.js?name=app%2Ftraining%2Fpage&page=%2Ftraining%2Fpage&appPaths=%2Ftraining%2Fpage&pagePath=private-next-app-dir%2Ftraining%2Fpage.tsx&appDir=C%3A%5CUsers%5CUsuario%5CDocuments%5CProjects%5CretoPescanova%5Cfrontend%5Capp&pageExtensions=tsx&pageExtensions=ts&pageExtensions=jsx&pageExtensions=js&rootDir=C%3A%5CUsers%5CUsuario%5CDocuments%5CProjects%5CretoPescanova%5Cfrontend&isDev=true&tsconfigPath=tsconfig.json&basePath=&assetPrefix=&nextConfigOutput=standalone&preferredRegion=&middlewareConfig=e30%3D&isGlobalNotFoundEnabled=!:424:34)
    at responseGenerator (webpack-internal:///(rsc)/./node_modules/next/dist/build/webpack/loaders/next-app-loader/index.js?name=app%2Ftraining%2Fpage&page=%2Ftraining%2Fpage&appPaths=%2Ftraining%2Fpage&pagePath=private-next-app-dir%2Ftraining%2Fpage.tsx&appDir=C%3A%5CUsers%5CUsuario%5CDocuments%5CProjects%5CretoPescanova%5Cfrontend%5Capp&pageExtensions=tsx&pageExtensions=ts&pageExtensions=jsx&pageExtensions=js&rootDir=C%3A%5CUsers%5CUsuario%5CDocuments%5CProjects%5CretoPescanova%5Cfrontend&isDev=true&tsconfigPath=tsconfig.json&basePath=&assetPrefix=&nextConfigOutput=standalone&preferredRegion=&middlewareConfig=e30%3D&isGlobalNotFoundEnabled=!:568:20)
    at responseGenerator (webpack-internal:///(rsc)/./node_modules/next/dist/build/webpack/loaders/next-app-loader/index.js?name=app%2Ftraining%2Fpage&page=%2Ftraining%2Fpage&appPaths=%2Ftraining%2Fpage&pagePath=private-next-app-dir%2Ftraining%2Fpage.tsx&appDir=C%3A%5CUsers%5CUsuario%5CDocuments%5CProjects%5CretoPescanova%5Cfrontend%5Capp&pageExtensions=tsx&pageExtensions=ts&pageExtensions=jsx&pageExtensions=js&rootDir=C%3A%5CUsers%5CUsuario%5CDocuments%5CProjects%5CretoPescanova%5Cfrontend&isDev=true&tsconfigPath=tsconfig.json&basePath=&assetPrefix=&nextConfigOutput=standalone&preferredRegion=&middlewareConfig=e30%3D&isGlobalNotFoundEnabled=!:578:41)
    at ResponseCache.get (file://C:\Users\Usuario\Documents\Projects\retoPescanova\frontend\node_modules\next\dist\compiled\next-server\app-page.runtime.dev.js:35:13608)
    at AppPageRouteModule.handleResponse (file://C:\Users\Usuario\Documents\Projects\retoPescanova\frontend\node_modules\next\dist\compiled\next-server\app-page.runtime.dev.js:41:57444)
    at async handleResponse (webpack-internal:///(rsc)/./node_modules/next/dist/build/webpack/loaders/next-app-loader/index.js?name=app%2Ftraining%2Fpage&page=%2Ftraining%2Fpage&appPaths=%2Ftraining%2Fpage&pagePath=private-next-app-dir%2Ftraining%2Fpage.tsx&appDir=C%3A%5CUsers%5CUsuario%5CDocuments%5CProjects%5CretoPescanova%5Cfrontend%5Capp&pageExtensions=tsx&pageExtensions=ts&pageExtensions=jsx&pageExtensions=js&rootDir=C%3A%5CUsers%5CUsuario%5CDocuments%5CProjects%5CretoPescanova%5Cfrontend&isDev=true&tsconfigPath=tsconfig.json&basePath=&assetPrefix=&nextConfigOutput=standalone&preferredRegion=&middlewareConfig=e30%3D&isGlobalNotFoundEnabled=!:576:32)
    at async handler (webpack-internal:///(rsc)/./node_modules/next/dist/build/webpack/loaders/next-app-loader/index.js?name=app%2Ftraining%2Fpage&page=%2Ftraining%2Fpage&appPaths=%2Ftraining%2Fpage&pagePath=private-next-app-dir%2Ftraining%2Fpage.tsx&appDir=C%3A%5CUsers%5CUsuario%5CDocuments%5CProjects%5CretoPescanova%5Cfrontend%5Capp&pageExtensions=tsx&pageExtensions=ts&pageExtensions=jsx&pageExtensions=js&rootDir=C%3A%5CUsers%5CUsuario%5CDocuments%5CProjects%5CretoPescanova%5Cfrontend&isDev=true&tsconfigPath=tsconfig.json&basePath=&assetPrefix=&nextConfigOutput=standalone&preferredRegion=&middlewareConfig=e30%3D&isGlobalNotFoundEnabled=!:954:20)
    at async DevServer.renderToResponseWithComponentsImpl (file://C:\Users\Usuario\Documents\Projects\retoPescanova\frontend\node_modules\next\dist\server\base-server.js:1430:9)
    at async DevServer.renderPageComponent (file://C:\Users\Usuario\Documents\Projects\retoPescanova\frontend\node_modules\next\dist\server\base-server.js:1482:24)
    at async DevServer.renderToResponseImpl (file://C:\Users\Usuario\Documents\Projects\retoPescanova\frontend\node_modules\next\dist\server\base-server.js:1522:32)
    at async DevServer.pipeImpl (file://C:\Users\Usuario\Documents\Projects\retoPescanova\frontend\node_modules\next\dist\server\base-server.js:1026:25)
    at async NextNodeServer.handleCatchallRenderRequest (file://C:\Users\Usuario\Documents\Projects\retoPescanova\frontend\node_modules\next\dist\server\next-server.js:394:17)
    at async DevServer.handleRequestImpl (file://C:\Users\Usuario\Documents\Projects\retoPescanova\frontend\node_modules\next\dist\server\base-server.js:917:17)
    at async (file://C:\Users\Usuario\Documents\Projects\retoPescanova\frontend\node_modules\next\dist\server\dev\next-dev-server.js:400:20)
    at async Span.traceAsyncFn (file://C:\Users\Usuario\Documents\Projects\retoPescanova\frontend\node_modules\next\dist\trace\trace.js:157:20)
    at async DevServer.handleRequest (file://C:\Users\Usuario\Documents\Projects\retoPescanova\frontend\node_modules\next\dist\server\dev\next-dev-server.js:396:24)
    at async invokeRender (file://C:\Users\Usuario\Documents\Projects\retoPescanova\frontend\node_modules\next\dist\server\lib\router-server.js:240:21)
    at async handleRequest (file://C:\Users\Usuario\Documents\Projects\retoPescanova\frontend\node_modules\next\dist\server\lib\router-server.js:437:24)
    at async requestHandlerImpl (file://C:\Users\Usuario\Documents\Projects\retoPescanova\frontend\node_modules\next\dist\server\lib\router-server.js:485:13)
    at async Server.requestListener (file://C:\Users\Usuario\Documents\Projects\retoPescanova\frontend\node_modules\next\dist\server\lib\start-server.js:226:13)
[  832147ms] [LOG] [HMR] connected @ webpack-internal:///(pages-dir-browser)/./node_modules/next/dist/client/dev/hot-reloader/pages/websocket.js:45
[  842282ms] [LOG] [Fast Refresh] rebuilding @ webpack-internal:///(pages-dir-browser)/./node_modules/next/dist/client/dev/hot-reloader/pages/hot-reloader-pages.js:206
[  843256ms] [LOG] [Fast Refresh] rebuilding @ webpack-internal:///(pages-dir-browser)/./node_modules/next/dist/client/dev/hot-reloader/pages/hot-reloader-pages.js:206
[  843359ms] [WARNING] [Fast Refresh] performing full reload because your application had an unrecoverable error @ webpack-internal:///(pages-dir-browser)/./node_modules/next/dist/client/dev/hot-reloader/pages/hot-reloader-pages.js:347
[  844640ms] Invalid or unexpected token
[  845710ms] [INFO] %cDownload the React DevTools for a better development experience: https://react.dev/link/react-devtools font-weight:bold @ webpack-internal:///(app-pages-browser)/./node_modules/next/dist/compiled/react-dom/cjs/react-dom-client.development.js:25630
[  965810ms] ChunkLoadError: Loading chunk app/layout failed.
(timeout: http://localhost:3000/_next/static/chunks/app/layout.js)
    at __webpack_require__.f.j (http://localhost:3000/_next/static/chunks/webpack.js?v=1779193819995:838:29)
    at http://localhost:3000/_next/static/chunks/webpack.js?v=1779193819995:145:40
    at Array.reduce (<anonymous>)
    at __webpack_require__.e (http://localhost:3000/_next/static/chunks/webpack.js?v=1779193819995:144:67)
    at fn.e (http://localhost:3000/_next/static/chunks/webpack.js?v=1779193819995:369:50)
    at loadChunk (webpack-internal:///(app-pages-browser)/./node_modules/next/dist/compiled/react-server-dom-webpack/cjs/react-server-dom-webpack-client.browser.development.js:113:34)
    at preloadModule (webpack-internal:///(app-pages-browser)/./node_modules/next/dist/compiled/react-server-dom-webpack/cjs/react-server-dom-webpack-client.browser.development.js:82:31)
    at resolveModule (webpack-internal:///(app-pages-browser)/./node_modules/next/dist/compiled/react-server-dom-webpack/cjs/react-server-dom-webpack-client.browser.development.js:2130:20)
    at processFullStringRow (webpack-internal:///(app-pages-browser)/./node_modules/next/dist/compiled/react-server-dom-webpack/cjs/react-server-dom-webpack-client.browser.development.js:2830:11)
    at processFullBinaryRow (webpack-internal:///(app-pages-browser)/./node_modules/next/dist/compiled/react-server-dom-webpack/cjs/react-server-dom-webpack-client.browser.development.js:2825:7)
    at processBinaryChunk (webpack-internal:///(app-pages-browser)/./node_modules/next/dist/compiled/react-server-dom-webpack/cjs/react-server-dom-webpack-client.browser.development.js:3028:15)
    at progress (webpack-internal:///(app-pages-browser)/./node_modules/next/dist/compiled/react-server-dom-webpack/cjs/react-server-dom-webpack-client.browser.development.js:3294:13)
[  971440ms] [LOG] [Fast Refresh] rebuilding @ webpack-internal:///(app-pages-browser)/./node_modules/next/dist/client/dev/hot-reloader/app/hot-reloader-app.js:196
[  973028ms] [LOG] [Fast Refresh] rebuilding @ webpack-internal:///(app-pages-browser)/./node_modules/next/dist/client/dev/hot-reloader/app/hot-reloader-app.js:196
[  973087ms] [WARNING] [Fast Refresh] performing full reload because your application had an unrecoverable error @ webpack-internal:///(app-pages-browser)/./node_modules/next/dist/client/dev/hot-reloader/app/hot-reloader-app.js:113
