[     383ms] [ERROR] Failed to load resource: the server responded with a status of 500 (Internal Server Error) @ http://localhost:3000/training:0
[     798ms] [INFO] %cDownload the React DevTools for a better development experience: https://reactjs.org/link/react-devtools font-weight:bold @ webpack-internal:///(pages-dir-browser)/./node_modules/react-dom/cjs/react-dom.development.js:29889
[     833ms] TypeError: __webpack_modules__[moduleId] is not a function
    at __webpack_require__ (file://C:\Users\Usuario\Documents\Projects\retoPescanova\frontend\.next\server\webpack-runtime.js:25:42)
    at eval (webpack-internal:///(rsc)/./node_modules/next/dist/server/app-render/encryption-utils.js:40:35)
    at <unknown> (rsc)/./node_modules/next/dist/server/app-render/encryption-utils.js (C:\Users\Usuario\Documents\Projects\retoPescanova\frontend\.next\server\vendor-chunks\next.js:1773:1)
    at __webpack_require__ (file://C:\Users\Usuario\Documents\Projects\retoPescanova\frontend\.next\server\webpack-runtime.js:25:42)
    at eval (webpack-internal:///(rsc)/./node_modules/next/dist/build/webpack/loaders/next-app-loader/index.js?name=app%2Ftraining%2Fpage&page=%2Ftraining%2Fpage&appPaths=%2Ftraining%2Fpage&pagePath=private-next-app-dir%2Ftraining%2Fpage.tsx&appDir=C%3A%5CUsers%5CUsuario%5CDocuments%5CProjects%5CretoPescanova%5Cfrontend%5Capp&pageExtensions=tsx&pageExtensions=ts&pageExtensions=jsx&pageExtensions=js&rootDir=C%3A%5CUsers%5CUsuario%5CDocuments%5CProjects%5CretoPescanova%5Cfrontend&isDev=true&tsconfigPath=tsconfig.json&basePath=&assetPrefix=&nextConfigOutput=standalone&preferredRegion=&middlewareConfig=e30%3D&isGlobalNotFoundEnabled=!:28:103)
    at <unknown> (rsc)/./node_modules/next/dist/build/webpack/loaders/next-app-loader/index.js?name=app%2Ftraining%2Fpage&page=%2Ftraining%2Fpage&appPaths=%2Ftraining%2Fpage&pagePath=private-next-app-dir%2Ftraining%2Fpage.tsx&appDir=C%3A%5CUsers%5CUsuario%5CDocuments%5CProjects%5CretoPescanova%5Cfrontend%5Capp&pageExtensions=tsx&pageExtensions=ts&pageExtensions=jsx&pageExtensions=js&rootDir=C%3A%5CUsers%5CUsuario%5CDocuments%5CProjects%5CretoPescanova%5Cfrontend&isDev=true&tsconfigPath=tsconfig.json&basePath=&assetPrefix=&nextConfigOutput=standalone&preferredRegion=&middlewareConfig=e30%3D&isGlobalNotFoundEnabled=! (C:\Users\Usuario\Documents\Projects\retoPescanova\frontend\.next\server\app\training\page.js:66:1)
    at __webpack_require__ (file://C:\Users\Usuario\Documents\Projects\retoPescanova\frontend\.next\server\webpack-runtime.js:25:42)
    at __webpack_exec__ (file://C:\Users\Usuario\Documents\Projects\retoPescanova\frontend\.next\server\app\training\page.js:433:39)
    at <unknown> (file://C:\Users\Usuario\Documents\Projects\retoPescanova\frontend\.next\server\app\training\page.js:434:268)
    at __webpack_require__.X (file://C:\Users\Usuario\Documents\Projects\retoPescanova\frontend\.next\server\webpack-runtime.js:155:21)
    at <unknown> (file://C:\Users\Usuario\Documents\Projects\retoPescanova\frontend\.next\server\app\training\page.js:434:47)
    at Object.<anonymous> (file://C:\Users\Usuario\Documents\Projects\retoPescanova\frontend\.next\server\app\training\page.js:437:3)
    at Module._compile (node:internal/modules/cjs/loader:1730:14)
    at Object..js (node:internal/modules/cjs/loader:1895:10)
    at Module.load (node:internal/modules/cjs/loader:1465:32)
    at Function._load (node:internal/modules/cjs/loader:1282:12)
    at TracingChannel.traceSync (node:diagnostics_channel:322:14)
    at wrapModuleLoad (node:internal/modules/cjs/loader:235:24)
    at Module.<anonymous> (node:internal/modules/cjs/loader:1487:12)
    at mod.require (file://C:\Users\Usuario\Documents\Projects\retoPescanova\frontend\node_modules\next\dist\server\require-hook.js:68:28)
    at require (node:internal/modules/helpers:135:16)
    at requirePage (file://C:\Users\Usuario\Documents\Projects\retoPescanova\frontend\node_modules\next\dist\server\require.js:99:80)
    at loadComponentsImpl (file://C:\Users\Usuario\Documents\Projects\retoPescanova\frontend\node_modules\next\dist\server\load-components.js:132:57)
    at async DevServer.findPageComponentsImpl (file://C:\Users\Usuario\Documents\Projects\retoPescanova\frontend\node_modules\next\dist\server\next-server.js:900:36)
    at async DevServer.findPageComponents (file://C:\Users\Usuario\Documents\Projects\retoPescanova\frontend\node_modules\next\dist\server\dev\next-dev-server.js:706:16)
    at async DevServer.renderPageComponent (file://C:\Users\Usuario\Documents\Projects\retoPescanova\frontend\node_modules\next\dist\server\base-server.js:1468:24)
    at async DevServer.renderToResponseImpl (file://C:\Users\Usuario\Documents\Projects\retoPescanova\frontend\node_modules\next\dist\server\base-server.js:1522:32)
    at async DevServer.pipeImpl (file://C:\Users\Usuario\Documents\Projects\retoPescanova\frontend\node_modules\next\dist\server\base-server.js:1026:25)
    at async NextNodeServer.handleCatchallRenderRequest (file://C:\Users\Usuario\Documents\Projects\retoPescanova\frontend\node_modules\next\dist\server\next-server.js:394:17)
    at async DevServer.handleRequestImpl (file://C:\Users\Usuario\Documents\Projects\retoPescanova\frontend\node_modules\next\dist\server\base-server.js:917:17)
    at async (file://C:\Users\Usuario\Documents\Projects\retoPescanova\frontend\node_modules\next\dist\server\dev\next-dev-server.js:400:20)
    at async Span.traceAsyncFn (file://C:\Users\Usuario\Documents\Projects\retoPescanova\frontend\node_modules\next\dist\trace\trace.js:157:20)
    at async DevServer.handleRequest (file://C:\Users\Usuario\Documents\Projects\retoPescanova\frontend\node_modules\next\dist\server\dev\next-dev-server.js:396:24)
    at async invokeRender (file://C:\Users\Usuario\Documents\Projects\retoPescanova\frontend\node_modules\next\dist\server\lib\router-server.js:240:21)
    at async handleRequest (file://C:\Users\Usuario\Documents\Projects\retoPescanova\frontend\node_modules\next\dist\server\lib\router-server.js:437:24)
    at async requestHandlerImpl (file://C:\Users\Usuario\Documents\Projects\retoPescanova\frontend\node_modules\next\dist\server\lib\router-server.js:485:13)
    at async Server.requestListener (file://C:\Users\Usuario\Documents\Projects\retoPescanova\frontend\node_modules\next\dist\server\lib\start-server.js:226:13)
[     830ms] [LOG] [HMR] connected @ webpack-internal:///(pages-dir-browser)/./node_modules/next/dist/client/dev/hot-reloader/pages/websocket.js:45
[   10636ms] [ERROR] WebSocket connection to 'ws://localhost:3000/_next/webpack-hmr' failed: Error in connection establishment: net::ERR_CONNECTION_REFUSED @ webpack-internal:///(pages-dir-browser)/./node_modules/next/dist/client/dev/hot-reloader/pages/websocket.js:88
[   17374ms] [LOG] [HMR] connected @ webpack-internal:///(pages-dir-browser)/./node_modules/next/dist/client/dev/hot-reloader/pages/websocket.js:45
[   17457ms] [ERROR] Failed to load resource: the server responded with a status of 404 (Not Found) @ http://localhost:3000/_next/static/webpack/9fb02b866f2c6cdb.webpack.hot-update.json:0
[   17458ms] [WARNING] [Fast Refresh] performing full reload because your application had an unrecoverable error @ webpack-internal:///(pages-dir-browser)/./node_modules/next/dist/client/dev/hot-reloader/pages/hot-reloader-pages.js:347
[   18981ms] [ERROR] Failed to load resource: the server responded with a status of 404 (Not Found) @ http://localhost:3000/_next/static/webpack/9fb02b866f2c6cdb.webpack.hot-update.json:0
[   18981ms] [WARNING] [Fast Refresh] performing full reload because your application had an unrecoverable error @ webpack-internal:///(pages-dir-browser)/./node_modules/next/dist/client/dev/hot-reloader/pages/hot-reloader-pages.js:347
[   21009ms] [LOG] [Fast Refresh] rebuilding @ webpack-internal:///(pages-dir-browser)/./node_modules/next/dist/client/dev/hot-reloader/pages/hot-reloader-pages.js:206
[   34668ms] [LOG] [Fast Refresh] rebuilding @ webpack-internal:///(pages-dir-browser)/./node_modules/next/dist/client/dev/hot-reloader/pages/hot-reloader-pages.js:206
[   36887ms] [ERROR] Failed to load resource: the server responded with a status of 404 (Not Found) @ http://localhost:3000/_next/static/webpack/9fb02b866f2c6cdb.webpack.hot-update.json:0
[   36887ms] [WARNING] [Fast Refresh] performing full reload because your application had an unrecoverable error @ webpack-internal:///(pages-dir-browser)/./node_modules/next/dist/client/dev/hot-reloader/pages/hot-reloader-pages.js:347
[   37939ms] Invalid or unexpected token
[   39117ms] [INFO] %cDownload the React DevTools for a better development experience: https://react.dev/link/react-devtools font-weight:bold @ webpack-internal:///(app-pages-browser)/./node_modules/next/dist/compiled/react-dom/cjs/react-dom-client.development.js:25630
[  158627ms] [INFO] %cDownload the React DevTools for a better development experience: https://react.dev/link/react-devtools font-weight:bold @ webpack-internal:///(app-pages-browser)/./node_modules/next/dist/compiled/react-dom/cjs/react-dom-client.development.js:25630
[  202577ms] [LOG] [Fast Refresh] rebuilding @ webpack-internal:///(app-pages-browser)/./node_modules/next/dist/client/dev/hot-reloader/app/hot-reloader-app.js:196
[  203868ms] [LOG] [Fast Refresh] rebuilding @ webpack-internal:///(app-pages-browser)/./node_modules/next/dist/client/dev/hot-reloader/app/hot-reloader-app.js:196
[  203925ms] [LOG] [Fast Refresh] done in 57ms @ webpack-internal:///(app-pages-browser)/./node_modules/next/dist/client/dev/report-hmr-latency.js:13
[  205613ms] [LOG] [Fast Refresh] done in 1744ms @ webpack-internal:///(app-pages-browser)/./node_modules/next/dist/client/dev/report-hmr-latency.js:13
[  205967ms] [LOG] [Fast Refresh] rebuilding @ webpack-internal:///(app-pages-browser)/./node_modules/next/dist/client/dev/hot-reloader/app/hot-reloader-app.js:196
[  209277ms] [LOG] [Fast Refresh] done in 3310ms @ webpack-internal:///(app-pages-browser)/./node_modules/next/dist/client/dev/report-hmr-latency.js:13
[  210959ms] [ERROR] Failed to load resource: the server responded with a status of 500 (Internal Server Error) @ http://localhost:3000/training?_rsc=_8i4EGRz95_4o9IX:0
[  211295ms] [LOG] [Fast Refresh] rebuilding @ webpack-internal:///(app-pages-browser)/./node_modules/next/dist/client/dev/hot-reloader/app/hot-reloader-app.js:196
[  212522ms] [LOG] [Fast Refresh] done in 1227ms @ webpack-internal:///(app-pages-browser)/./node_modules/next/dist/client/dev/report-hmr-latency.js:13
[  213379ms] [ERROR] Failed to load resource: the server responded with a status of 500 (Internal Server Error) @ http://localhost:3000/training?_rsc=_8i4EGRz95_4o9IX:0
[  213705ms] [ERROR] Failed to load resource: the server responded with a status of 500 (Internal Server Error) @ http://localhost:3000/training?_rsc=_8i4EGRz95_4o9IX:0
[  214083ms] [ERROR] Failed to load resource: the server responded with a status of 500 (Internal Server Error) @ http://localhost:3000/training:0
[  214755ms] [INFO] %cDownload the React DevTools for a better development experience: https://reactjs.org/link/react-devtools font-weight:bold @ webpack-internal:///(pages-dir-browser)/./node_modules/react-dom/cjs/react-dom.development.js:29889
[  215079ms] TypeError: __webpack_modules__[moduleId] is not a function
    at __webpack_require__ (file://C:\Users\Usuario\Documents\Projects\retoPescanova\frontend\.next\server\webpack-runtime.js:25:42)
    at eval (webpack-internal:///(rsc)/./node_modules/next/dist/server/app-render/encryption-utils.js:40:35)
    at <unknown> (rsc)/./node_modules/next/dist/server/app-render/encryption-utils.js (C:\Users\Usuario\Documents\Projects\retoPescanova\frontend\.next\server\vendor-chunks\next.js:1773:1)
    at __webpack_require__ (file://C:\Users\Usuario\Documents\Projects\retoPescanova\frontend\.next\server\webpack-runtime.js:25:42)
    at eval (webpack-internal:///(rsc)/./node_modules/next/dist/build/webpack/loaders/next-app-loader/index.js?name=app%2Ftraining%2Fpage&page=%2Ftraining%2Fpage&appPaths=%2Ftraining%2Fpage&pagePath=private-next-app-dir%2Ftraining%2Fpage.tsx&appDir=C%3A%5CUsers%5CUsuario%5CDocuments%5CProjects%5CretoPescanova%5Cfrontend%5Capp&pageExtensions=tsx&pageExtensions=ts&pageExtensions=jsx&pageExtensions=js&rootDir=C%3A%5CUsers%5CUsuario%5CDocuments%5CProjects%5CretoPescanova%5Cfrontend&isDev=true&tsconfigPath=tsconfig.json&basePath=&assetPrefix=&nextConfigOutput=standalone&preferredRegion=&middlewareConfig=e30%3D&isGlobalNotFoundEnabled=!:28:103)
    at <unknown> (rsc)/./node_modules/next/dist/build/webpack/loaders/next-app-loader/index.js?name=app%2Ftraining%2Fpage&page=%2Ftraining%2Fpage&appPaths=%2Ftraining%2Fpage&pagePath=private-next-app-dir%2Ftraining%2Fpage.tsx&appDir=C%3A%5CUsers%5CUsuario%5CDocuments%5CProjects%5CretoPescanova%5Cfrontend%5Capp&pageExtensions=tsx&pageExtensions=ts&pageExtensions=jsx&pageExtensions=js&rootDir=C%3A%5CUsers%5CUsuario%5CDocuments%5CProjects%5CretoPescanova%5Cfrontend&isDev=true&tsconfigPath=tsconfig.json&basePath=&assetPrefix=&nextConfigOutput=standalone&preferredRegion=&middlewareConfig=e30%3D&isGlobalNotFoundEnabled=! (C:\Users\Usuario\Documents\Projects\retoPescanova\frontend\.next\server\app\training\page.js:66:1)
    at __webpack_require__ (file://C:\Users\Usuario\Documents\Projects\retoPescanova\frontend\.next\server\webpack-runtime.js:25:42)
    at __webpack_exec__ (file://C:\Users\Usuario\Documents\Projects\retoPescanova\frontend\.next\server\app\training\page.js:433:39)
    at <unknown> (file://C:\Users\Usuario\Documents\Projects\retoPescanova\frontend\.next\server\app\training\page.js:434:268)
    at __webpack_require__.X (file://C:\Users\Usuario\Documents\Projects\retoPescanova\frontend\.next\server\webpack-runtime.js:155:21)
    at <unknown> (file://C:\Users\Usuario\Documents\Projects\retoPescanova\frontend\.next\server\app\training\page.js:434:47)
    at Object.<anonymous> (file://C:\Users\Usuario\Documents\Projects\retoPescanova\frontend\.next\server\app\training\page.js:437:3)
    at Module._compile (node:internal/modules/cjs/loader:1730:14)
    at Object..js (node:internal/modules/cjs/loader:1895:10)
    at Module.load (node:internal/modules/cjs/loader:1465:32)
    at Function._load (node:internal/modules/cjs/loader:1282:12)
    at TracingChannel.traceSync (node:diagnostics_channel:322:14)
    at wrapModuleLoad (node:internal/modules/cjs/loader:235:24)
    at Module.<anonymous> (node:internal/modules/cjs/loader:1487:12)
    at mod.require (file://C:\Users\Usuario\Documents\Projects\retoPescanova\frontend\node_modules\next\dist\server\require-hook.js:68:28)
    at require (node:internal/modules/helpers:135:16)
    at requirePage (file://C:\Users\Usuario\Documents\Projects\retoPescanova\frontend\node_modules\next\dist\server\require.js:99:80)
    at loadComponentsImpl (file://C:\Users\Usuario\Documents\Projects\retoPescanova\frontend\node_modules\next\dist\server\load-components.js:132:57)
    at async DevServer.findPageComponentsImpl (file://C:\Users\Usuario\Documents\Projects\retoPescanova\frontend\node_modules\next\dist\server\next-server.js:900:36)
    at async DevServer.findPageComponents (file://C:\Users\Usuario\Documents\Projects\retoPescanova\frontend\node_modules\next\dist\server\dev\next-dev-server.js:706:16)
    at async DevServer.renderPageComponent (file://C:\Users\Usuario\Documents\Projects\retoPescanova\frontend\node_modules\next\dist\server\base-server.js:1468:24)
    at async DevServer.renderToResponseImpl (file://C:\Users\Usuario\Documents\Projects\retoPescanova\frontend\node_modules\next\dist\server\base-server.js:1522:32)
    at async DevServer.pipeImpl (file://C:\Users\Usuario\Documents\Projects\retoPescanova\frontend\node_modules\next\dist\server\base-server.js:1026:25)
    at async NextNodeServer.handleCatchallRenderRequest (file://C:\Users\Usuario\Documents\Projects\retoPescanova\frontend\node_modules\next\dist\server\next-server.js:394:17)
    at async DevServer.handleRequestImpl (file://C:\Users\Usuario\Documents\Projects\retoPescanova\frontend\node_modules\next\dist\server\base-server.js:917:17)
    at async (file://C:\Users\Usuario\Documents\Projects\retoPescanova\frontend\node_modules\next\dist\server\dev\next-dev-server.js:400:20)
    at async Span.traceAsyncFn (file://C:\Users\Usuario\Documents\Projects\retoPescanova\frontend\node_modules\next\dist\trace\trace.js:157:20)
    at async DevServer.handleRequest (file://C:\Users\Usuario\Documents\Projects\retoPescanova\frontend\node_modules\next\dist\server\dev\next-dev-server.js:396:24)
    at async invokeRender (file://C:\Users\Usuario\Documents\Projects\retoPescanova\frontend\node_modules\next\dist\server\lib\router-server.js:240:21)
    at async handleRequest (file://C:\Users\Usuario\Documents\Projects\retoPescanova\frontend\node_modules\next\dist\server\lib\router-server.js:437:24)
    at async requestHandlerImpl (file://C:\Users\Usuario\Documents\Projects\retoPescanova\frontend\node_modules\next\dist\server\lib\router-server.js:485:13)
    at async Server.requestListener (file://C:\Users\Usuario\Documents\Projects\retoPescanova\frontend\node_modules\next\dist\server\lib\start-server.js:226:13)
[  215079ms] [LOG] [HMR] connected @ webpack-internal:///(pages-dir-browser)/./node_modules/next/dist/client/dev/hot-reloader/pages/websocket.js:45
[  215706ms] [ERROR] Failed to load resource: the server responded with a status of 404 (Not Found) @ http://localhost:3000/_next/static/webpack/7fcd3cedc47eb890.webpack.hot-update.json:0
[  215706ms] [WARNING] [Fast Refresh] performing full reload because your application had an unrecoverable error @ webpack-internal:///(pages-dir-browser)/./node_modules/next/dist/client/dev/hot-reloader/pages/hot-reloader-pages.js:347
[  216050ms] [ERROR] Failed to load resource: the server responded with a status of 500 (Internal Server Error) @ http://localhost:3000/training:0
[  216452ms] [INFO] %cDownload the React DevTools for a better development experience: https://reactjs.org/link/react-devtools font-weight:bold @ webpack-internal:///(pages-dir-browser)/./node_modules/react-dom/cjs/react-dom.development.js:29889
[  216480ms] TypeError: __webpack_modules__[moduleId] is not a function
    at __webpack_require__ (file://C:\Users\Usuario\Documents\Projects\retoPescanova\frontend\.next\server\webpack-runtime.js:25:42)
    at eval (webpack-internal:///(rsc)/./node_modules/next/dist/server/app-render/encryption-utils.js:40:35)
    at <unknown> (rsc)/./node_modules/next/dist/server/app-render/encryption-utils.js (C:\Users\Usuario\Documents\Projects\retoPescanova\frontend\.next\server\vendor-chunks\next.js:1773:1)
    at __webpack_require__ (file://C:\Users\Usuario\Documents\Projects\retoPescanova\frontend\.next\server\webpack-runtime.js:25:42)
    at eval (webpack-internal:///(rsc)/./node_modules/next/dist/build/webpack/loaders/next-app-loader/index.js?name=app%2Ftraining%2Fpage&page=%2Ftraining%2Fpage&appPaths=%2Ftraining%2Fpage&pagePath=private-next-app-dir%2Ftraining%2Fpage.tsx&appDir=C%3A%5CUsers%5CUsuario%5CDocuments%5CProjects%5CretoPescanova%5Cfrontend%5Capp&pageExtensions=tsx&pageExtensions=ts&pageExtensions=jsx&pageExtensions=js&rootDir=C%3A%5CUsers%5CUsuario%5CDocuments%5CProjects%5CretoPescanova%5Cfrontend&isDev=true&tsconfigPath=tsconfig.json&basePath=&assetPrefix=&nextConfigOutput=standalone&preferredRegion=&middlewareConfig=e30%3D&isGlobalNotFoundEnabled=!:28:103)
    at <unknown> (rsc)/./node_modules/next/dist/build/webpack/loaders/next-app-loader/index.js?name=app%2Ftraining%2Fpage&page=%2Ftraining%2Fpage&appPaths=%2Ftraining%2Fpage&pagePath=private-next-app-dir%2Ftraining%2Fpage.tsx&appDir=C%3A%5CUsers%5CUsuario%5CDocuments%5CProjects%5CretoPescanova%5Cfrontend%5Capp&pageExtensions=tsx&pageExtensions=ts&pageExtensions=jsx&pageExtensions=js&rootDir=C%3A%5CUsers%5CUsuario%5CDocuments%5CProjects%5CretoPescanova%5Cfrontend&isDev=true&tsconfigPath=tsconfig.json&basePath=&assetPrefix=&nextConfigOutput=standalone&preferredRegion=&middlewareConfig=e30%3D&isGlobalNotFoundEnabled=! (C:\Users\Usuario\Documents\Projects\retoPescanova\frontend\.next\server\app\training\page.js:66:1)
    at __webpack_require__ (file://C:\Users\Usuario\Documents\Projects\retoPescanova\frontend\.next\server\webpack-runtime.js:25:42)
    at __webpack_exec__ (file://C:\Users\Usuario\Documents\Projects\retoPescanova\frontend\.next\server\app\training\page.js:433:39)
    at <unknown> (file://C:\Users\Usuario\Documents\Projects\retoPescanova\frontend\.next\server\app\training\page.js:434:268)
    at __webpack_require__.X (file://C:\Users\Usuario\Documents\Projects\retoPescanova\frontend\.next\server\webpack-runtime.js:155:21)
    at <unknown> (file://C:\Users\Usuario\Documents\Projects\retoPescanova\frontend\.next\server\app\training\page.js:434:47)
    at Object.<anonymous> (file://C:\Users\Usuario\Documents\Projects\retoPescanova\frontend\.next\server\app\training\page.js:437:3)
    at Module._compile (node:internal/modules/cjs/loader:1730:14)
    at Object..js (node:internal/modules/cjs/loader:1895:10)
    at Module.load (node:internal/modules/cjs/loader:1465:32)
    at Function._load (node:internal/modules/cjs/loader:1282:12)
    at TracingChannel.traceSync (node:diagnostics_channel:322:14)
    at wrapModuleLoad (node:internal/modules/cjs/loader:235:24)
    at Module.<anonymous> (node:internal/modules/cjs/loader:1487:12)
    at mod.require (file://C:\Users\Usuario\Documents\Projects\retoPescanova\frontend\node_modules\next\dist\server\require-hook.js:68:28)
    at require (node:internal/modules/helpers:135:16)
    at requirePage (file://C:\Users\Usuario\Documents\Projects\retoPescanova\frontend\node_modules\next\dist\server\require.js:99:80)
    at loadComponentsImpl (file://C:\Users\Usuario\Documents\Projects\retoPescanova\frontend\node_modules\next\dist\server\load-components.js:132:57)
    at async DevServer.findPageComponentsImpl (file://C:\Users\Usuario\Documents\Projects\retoPescanova\frontend\node_modules\next\dist\server\next-server.js:900:36)
    at async DevServer.findPageComponents (file://C:\Users\Usuario\Documents\Projects\retoPescanova\frontend\node_modules\next\dist\server\dev\next-dev-server.js:706:16)
    at async DevServer.renderPageComponent (file://C:\Users\Usuario\Documents\Projects\retoPescanova\frontend\node_modules\next\dist\server\base-server.js:1468:24)
    at async DevServer.renderToResponseImpl (file://C:\Users\Usuario\Documents\Projects\retoPescanova\frontend\node_modules\next\dist\server\base-server.js:1522:32)
    at async DevServer.pipeImpl (file://C:\Users\Usuario\Documents\Projects\retoPescanova\frontend\node_modules\next\dist\server\base-server.js:1026:25)
    at async NextNodeServer.handleCatchallRenderRequest (file://C:\Users\Usuario\Documents\Projects\retoPescanova\frontend\node_modules\next\dist\server\next-server.js:394:17)
    at async DevServer.handleRequestImpl (file://C:\Users\Usuario\Documents\Projects\retoPescanova\frontend\node_modules\next\dist\server\base-server.js:917:17)
    at async (file://C:\Users\Usuario\Documents\Projects\retoPescanova\frontend\node_modules\next\dist\server\dev\next-dev-server.js:400:20)
    at async Span.traceAsyncFn (file://C:\Users\Usuario\Documents\Projects\retoPescanova\frontend\node_modules\next\dist\trace\trace.js:157:20)
    at async DevServer.handleRequest (file://C:\Users\Usuario\Documents\Projects\retoPescanova\frontend\node_modules\next\dist\server\dev\next-dev-server.js:396:24)
    at async invokeRender (file://C:\Users\Usuario\Documents\Projects\retoPescanova\frontend\node_modules\next\dist\server\lib\router-server.js:240:21)
    at async handleRequest (file://C:\Users\Usuario\Documents\Projects\retoPescanova\frontend\node_modules\next\dist\server\lib\router-server.js:437:24)
    at async requestHandlerImpl (file://C:\Users\Usuario\Documents\Projects\retoPescanova\frontend\node_modules\next\dist\server\lib\router-server.js:485:13)
    at async Server.requestListener (file://C:\Users\Usuario\Documents\Projects\retoPescanova\frontend\node_modules\next\dist\server\lib\start-server.js:226:13)
[  216481ms] [LOG] [HMR] connected @ webpack-internal:///(pages-dir-browser)/./node_modules/next/dist/client/dev/hot-reloader/pages/websocket.js:45
[  216509ms] [LOG] [Fast Refresh] rebuilding @ webpack-internal:///(pages-dir-browser)/./node_modules/next/dist/client/dev/hot-reloader/pages/hot-reloader-pages.js:206
[  217693ms] [LOG] [Fast Refresh] rebuilding @ webpack-internal:///(pages-dir-browser)/./node_modules/next/dist/client/dev/hot-reloader/pages/hot-reloader-pages.js:206
[  217774ms] [WARNING] [Fast Refresh] performing full reload because your application had an unrecoverable error @ webpack-internal:///(pages-dir-browser)/./node_modules/next/dist/client/dev/hot-reloader/pages/hot-reloader-pages.js:347
